<?xml version="1.0" encoding="UTF-8"?><rss version="2.0"
	xmlns:content="http://purl.org/rss/1.0/modules/content/"
	xmlns:wfw="http://wellformedweb.org/CommentAPI/"
	xmlns:dc="http://purl.org/dc/elements/1.1/"
	xmlns:atom="http://www.w3.org/2005/Atom"
	xmlns:sy="http://purl.org/rss/1.0/modules/syndication/"
	xmlns:slash="http://purl.org/rss/1.0/modules/slash/"
	>

<channel>
	<title>Hong Kong Archives - InsuranceAsia News</title>
	<atom:link href="https://insuranceasianews.com/country/hong-kong/feed/" rel="self" type="application/rss+xml" />
	<link>https://insuranceasianews.com/country/hong-kong/</link>
	<description></description>
	<lastBuildDate>Fri, 09 Oct 2026 10:09:38 +0000</lastBuildDate>
	<language>en-US</language>
	<sy:updatePeriod>
	hourly	</sy:updatePeriod>
	<sy:updateFrequency>
	1	</sy:updateFrequency>
	<generator>https://wordpress.org/?v=7.0.2</generator>
	<item>
		<title>Insurers to extend mandatory motor, employees&#8217; compensation cover to Huanggang port area at no extra cost</title>
		<link>https://insuranceasianews.com/insurers-to-extend-mandatory-motorm-employees-compensation-cover-to-huanggang-port-area-at-no-extra-cost/</link>
		
		<dc:creator><![CDATA[Mithun Varkey]]></dc:creator>
		<pubDate>Fri, 09 Oct 2026 10:08:57 +0000</pubDate>
				<guid isPermaLink="false">https://insuranceasianews.com/?p=230691</guid>

					<description><![CDATA[<p>Market agreement signed between the government and the industry ahead of the port's official opening next Monday.</p>
<p>The post <a href="https://insuranceasianews.com/insurers-to-extend-mandatory-motorm-employees-compensation-cover-to-huanggang-port-area-at-no-extra-cost/">Insurers to extend mandatory motor, employees&#8217; compensation cover to Huanggang port area at no extra cost</a> appeared first on <a href="https://insuranceasianews.com">InsuranceAsia News</a>.</p>
]]></description>
										<content:encoded><![CDATA[<div class="mp_wrapper">
  <div class="mepr-unauthorized-excerpt">
    <p>The Hong Kong Government has reached a market agreement with 45 insurers to extend the coverage of existing mandatory motor and employees' compensation (EC) insurance policies to the Huanggang Port Ho...</p>
  </div>
  <div class="mepr-unauthorized-message">
    <div class="mepr-wrapper">
<p>To continue reading the full article and get full access to the InsuranceAsia News platform, please enquire about a subscription.</p>
<p>Your company may already have a corporate license in place.</p>
<div class="mepr-button-wrap">
<p><a href="https://insuranceasianews.com/subscribe/">Enquire Now</a></p>
<div>OR</div>
<p>      <a href="https://insuranceasianews.com/register/free-trial/" class="mepr_product_link mepr-product-link-63661">Take a Free Trial</a>
        </p>
</div>
<p>Already a Subscriber? Please <a href="https://insuranceasianews.com/login/">Login</a></p>
</div>
  </div>
  <div class="mepr-login-form-wrap">
      </div>
</div>
<p>The post <a href="https://insuranceasianews.com/insurers-to-extend-mandatory-motorm-employees-compensation-cover-to-huanggang-port-area-at-no-extra-cost/">Insurers to extend mandatory motor, employees&#8217; compensation cover to Huanggang port area at no extra cost</a> appeared first on <a href="https://insuranceasianews.com">InsuranceAsia News</a>.</p>
]]></content:encoded>
					
		
		
			</item>
		<item>
		<title>&#8216;Many don&#8217;t appreciate what can go wrong&#8217;: bloodstock insurance finds its footing in North Asia</title>
		<link>https://insuranceasianews.com/many-dont-appreciate-what-can-go-wrong-bloodstock-insurance-finds-its-footing-in-north-asia/</link>
		
		<dc:creator><![CDATA[Joana Nguyen]]></dc:creator>
		<pubDate>Tue, 06 Oct 2026 23:30:27 +0000</pubDate>
				<guid isPermaLink="false">https://insuranceasianews.com/?p=230246</guid>

					<description><![CDATA[<p>MG Geraghty Insurance Brokers' Michael Hurley and Joshua Lynch tell InsuranceAsia News' Between the Lines podcast about the racing boom in Hong Kong, Japan, and South Korea, the risks facing first-time owners, and where AI fits into the broker's future.</p>
<p>The post <a href="https://insuranceasianews.com/many-dont-appreciate-what-can-go-wrong-bloodstock-insurance-finds-its-footing-in-north-asia/">&#8216;Many don&#8217;t appreciate what can go wrong&#8217;: bloodstock insurance finds its footing in North Asia</a> appeared first on <a href="https://insuranceasianews.com">InsuranceAsia News</a>.</p>
]]></description>
										<content:encoded><![CDATA[<div class="mp_wrapper">
  <div class="mepr-unauthorized-excerpt">
    <p>When Romantic Warrior was forced to retire last month due to injury, the Irish-bred Thoroughbred bay gelding did so as the highest-earning racehorse in history, with a record-breaking career total of ...</p>
  </div>
  <div class="mepr-unauthorized-message">
    <div class="mepr-wrapper">
<p>To continue reading the full article and get full access to the InsuranceAsia News platform, please enquire about a subscription.</p>
<p>Your company may already have a corporate license in place.</p>
<div class="mepr-button-wrap">
<p><a href="https://insuranceasianews.com/subscribe/">Enquire Now</a></p>
<div>OR</div>
<p>      <a href="https://insuranceasianews.com/register/free-trial/" class="mepr_product_link mepr-product-link-63661">Take a Free Trial</a>
        </p>
</div>
<p>Already a Subscriber? Please <a href="https://insuranceasianews.com/login/">Login</a></p>
</div>
  </div>
  <div class="mepr-login-form-wrap">
      </div>
</div>
<p>The post <a href="https://insuranceasianews.com/many-dont-appreciate-what-can-go-wrong-bloodstock-insurance-finds-its-footing-in-north-asia/">&#8216;Many don&#8217;t appreciate what can go wrong&#8217;: bloodstock insurance finds its footing in North Asia</a> appeared first on <a href="https://insuranceasianews.com">InsuranceAsia News</a>.</p>
]]></content:encoded>
					
		
		
			</item>
		<item>
		<title>Prudential agrees US$5bn reinsurance deal with Prismic Life</title>
		<link>https://insuranceasianews.com/prudential-agrees-us5bn-reinsurance-deal-with-prismic-life/</link>
		
		<dc:creator><![CDATA[Aidan Gregory]]></dc:creator>
		<pubDate>Tue, 06 Oct 2026 04:20:49 +0000</pubDate>
				<guid isPermaLink="false">https://insuranceasianews.com/?p=230286</guid>

					<description><![CDATA[<p>Agreement takes partnership to cover more than US$22bn of liabilities. </p>
<p>The post <a href="https://insuranceasianews.com/prudential-agrees-us5bn-reinsurance-deal-with-prismic-life/">Prudential agrees US$5bn reinsurance deal with Prismic Life</a> appeared first on <a href="https://insuranceasianews.com">InsuranceAsia News</a>.</p>
]]></description>
										<content:encoded><![CDATA[<div class="mp_wrapper">
  <div class="mepr-unauthorized-excerpt">
    <p>Bermudian reinsurer Prismic Life has agreed a US$5 billion asset-intensive reinsurance agreement with Prudential to reinsure the Hong Kong-listed life insurer’s Japanese whole-life policies.
Prismic w...</p>
  </div>
  <div class="mepr-unauthorized-message">
    <div class="mepr-wrapper">
<p>To continue reading the full article and get full access to the InsuranceAsia News platform, please enquire about a subscription.</p>
<p>Your company may already have a corporate license in place.</p>
<div class="mepr-button-wrap">
<p><a href="https://insuranceasianews.com/subscribe/">Enquire Now</a></p>
<div>OR</div>
<p>      <a href="https://insuranceasianews.com/register/free-trial/" class="mepr_product_link mepr-product-link-63661">Take a Free Trial</a>
        </p>
</div>
<p>Already a Subscriber? Please <a href="https://insuranceasianews.com/login/">Login</a></p>
</div>
  </div>
  <div class="mepr-login-form-wrap">
      </div>
</div>
<p>The post <a href="https://insuranceasianews.com/prudential-agrees-us5bn-reinsurance-deal-with-prismic-life/">Prudential agrees US$5bn reinsurance deal with Prismic Life</a> appeared first on <a href="https://insuranceasianews.com">InsuranceAsia News</a>.</p>
]]></content:encoded>
					
		
		
			</item>
		<item>
		<title>Hong Kong broker Nova&#8217;s revenue rises 12% to US$20m as mainland expansion contributes</title>
		<link>https://insuranceasianews.com/hong-kong-broker-novas-revenue-rises-12-to-us20m-as-mainland-expansion-contributes/</link>
		
		<dc:creator><![CDATA[InsuranceAsia News]]></dc:creator>
		<pubDate>Tue, 29 Sep 2026 02:52:38 +0000</pubDate>
				<guid isPermaLink="false">https://insuranceasianews.com/?p=229803</guid>

					<description><![CDATA[<p>Hong Kong-listed FSE Lifestyle Services’ insurance arm's latest results include a full year of revenue from Beijing Nova Insurance Services, which it acquired in December 2024.</p>
<p>The post <a href="https://insuranceasianews.com/hong-kong-broker-novas-revenue-rises-12-to-us20m-as-mainland-expansion-contributes/">Hong Kong broker Nova&#8217;s revenue rises 12% to US$20m as mainland expansion contributes</a> appeared first on <a href="https://insuranceasianews.com">InsuranceAsia News</a>.</p>
]]></description>
										<content:encoded><![CDATA[<div class="mp_wrapper">
  <div class="mepr-unauthorized-excerpt">
    <p>Hong Kong insurance broker Nova Insurance’s revenue rose by 12% year on year to HK$158.7 million (US$20 million) in the year that ended in June, up from HK$141.7 million in the previous financial year...</p>
  </div>
  <div class="mepr-unauthorized-message">
    <div class="mepr-wrapper">
<p>To continue reading the full article and get full access to the InsuranceAsia News platform, please enquire about a subscription.</p>
<p>Your company may already have a corporate license in place.</p>
<div class="mepr-button-wrap">
<p><a href="https://insuranceasianews.com/subscribe/">Enquire Now</a></p>
<div>OR</div>
<p>      <a href="https://insuranceasianews.com/register/free-trial/" class="mepr_product_link mepr-product-link-63661">Take a Free Trial</a>
        </p>
</div>
<p>Already a Subscriber? Please <a href="https://insuranceasianews.com/login/">Login</a></p>
</div>
  </div>
  <div class="mepr-login-form-wrap">
      </div>
</div>
<p>The post <a href="https://insuranceasianews.com/hong-kong-broker-novas-revenue-rises-12-to-us20m-as-mainland-expansion-contributes/">Hong Kong broker Nova&#8217;s revenue rises 12% to US$20m as mainland expansion contributes</a> appeared first on <a href="https://insuranceasianews.com">InsuranceAsia News</a>.</p>
]]></content:encoded>
					
		
		
			</item>
		<item>
		<title>Chubb elevates Lulu Tsai to head of marine, specialty for Hong Kong</title>
		<link>https://insuranceasianews.com/chubb-elevates-lulu-tsai-to-head-of-marine-specialty-for-hong-kong/</link>
		
		<dc:creator><![CDATA[Roshan Nambiar]]></dc:creator>
		<pubDate>Fri, 25 Sep 2026 04:37:56 +0000</pubDate>
				<guid isPermaLink="false">https://insuranceasianews.com/?p=229592</guid>

					<description><![CDATA[<p>She has nearly two decades of experience, with expertise across cargo, freight forwarders liability, hull, and fine art and specie. </p>
<p>The post <a href="https://insuranceasianews.com/chubb-elevates-lulu-tsai-to-head-of-marine-specialty-for-hong-kong/">Chubb elevates Lulu Tsai to head of marine, specialty for Hong Kong</a> appeared first on <a href="https://insuranceasianews.com">InsuranceAsia News</a>.</p>
]]></description>
										<content:encoded><![CDATA[<div class="mp_wrapper">
  <div class="mepr-unauthorized-excerpt">
    <p>Chubb has promoted Lulu Tsai as head of marine and specialty for Hong Kong, according to a LinkedIn post by head of property and casualty, Douglas Wong.
Tsai has nearly two decades of experience, with...</p>
  </div>
  <div class="mepr-unauthorized-message">
    <div class="mepr-wrapper">
<p>To continue reading the full article and get full access to the InsuranceAsia News platform, please enquire about a subscription.</p>
<p>Your company may already have a corporate license in place.</p>
<div class="mepr-button-wrap">
<p><a href="https://insuranceasianews.com/subscribe/">Enquire Now</a></p>
<div>OR</div>
<p>      <a href="https://insuranceasianews.com/register/free-trial/" class="mepr_product_link mepr-product-link-63661">Take a Free Trial</a>
        </p>
</div>
<p>Already a Subscriber? Please <a href="https://insuranceasianews.com/login/">Login</a></p>
</div>
  </div>
  <div class="mepr-login-form-wrap">
      </div>
</div>
<p>The post <a href="https://insuranceasianews.com/chubb-elevates-lulu-tsai-to-head-of-marine-specialty-for-hong-kong/">Chubb elevates Lulu Tsai to head of marine, specialty for Hong Kong</a> appeared first on <a href="https://insuranceasianews.com">InsuranceAsia News</a>.</p>
]]></content:encoded>
					
		
		
			</item>
		<item>
		<title>Oneglobal completes takeover of Hong Kong crypto specialist Fraction</title>
		<link>https://insuranceasianews.com/oneglobal-completes-takeover-of-hong-kong-crypto-specialist-fraction/</link>
		
		<dc:creator><![CDATA[Aidan Gregory]]></dc:creator>
		<pubDate>Mon, 21 Sep 2026 23:42:02 +0000</pubDate>
				<guid isPermaLink="false">https://insuranceasianews.com/?p=229288</guid>

					<description><![CDATA[<p>Acquisition follows the appointment of Fraction co-founders Dan Dibden and Onno Sterk to senior roles in July. </p>
<p>The post <a href="https://insuranceasianews.com/oneglobal-completes-takeover-of-hong-kong-crypto-specialist-fraction/">Oneglobal completes takeover of Hong Kong crypto specialist Fraction</a> appeared first on <a href="https://insuranceasianews.com">InsuranceAsia News</a>.</p>
]]></description>
										<content:encoded><![CDATA[<div class="mp_wrapper">
  <div class="mepr-unauthorized-excerpt">
    <p>Oneglobal Broking has acquired Fraction Brokers Asia, the Hong Kong-based brokerage that specialises in serving the digital asset industry, according to a statement on Monday.
The broker has acquired ...</p>
  </div>
  <div class="mepr-unauthorized-message">
    <div class="mepr-wrapper">
<p>To continue reading the full article and get full access to the InsuranceAsia News platform, please enquire about a subscription.</p>
<p>Your company may already have a corporate license in place.</p>
<div class="mepr-button-wrap">
<p><a href="https://insuranceasianews.com/subscribe/">Enquire Now</a></p>
<div>OR</div>
<p>      <a href="https://insuranceasianews.com/register/free-trial/" class="mepr_product_link mepr-product-link-63661">Take a Free Trial</a>
        </p>
</div>
<p>Already a Subscriber? Please <a href="https://insuranceasianews.com/login/">Login</a></p>
</div>
  </div>
  <div class="mepr-login-form-wrap">
      </div>
</div>
<p>The post <a href="https://insuranceasianews.com/oneglobal-completes-takeover-of-hong-kong-crypto-specialist-fraction/">Oneglobal completes takeover of Hong Kong crypto specialist Fraction</a> appeared first on <a href="https://insuranceasianews.com">InsuranceAsia News</a>.</p>
]]></content:encoded>
					
		
		
			</item>
		<item>
		<title>HDI Global adds Rebekah Khew, LiLian Lau to North Asia underwriting team</title>
		<link>https://insuranceasianews.com/hdi-global-adds-rebekah-khew-lilian-lau-to-north-asia-underwriting-team/</link>
		
		<dc:creator><![CDATA[Aidan Gregory]]></dc:creator>
		<pubDate>Mon, 21 Sep 2026 06:35:55 +0000</pubDate>
				<guid isPermaLink="false">https://insuranceasianews.com/?p=229247</guid>

					<description><![CDATA[<p>Rebecca Kong had already been appointed as North Asia head of distribution and strategic partners last month. </p>
<p>The post <a href="https://insuranceasianews.com/hdi-global-adds-rebekah-khew-lilian-lau-to-north-asia-underwriting-team/">HDI Global adds Rebekah Khew, LiLian Lau to North Asia underwriting team</a> appeared first on <a href="https://insuranceasianews.com">InsuranceAsia News</a>.</p>
]]></description>
										<content:encoded><![CDATA[<div class="mp_wrapper">
  <div class="mepr-unauthorized-excerpt">
    <p>HDI Global has bolstered its North Asia underwriting team in Hong Kong with additional senior appointments, according to a statement on Monday.
Rebekah Khew has been named as the German insurer’s head...</p>
  </div>
  <div class="mepr-unauthorized-message">
    <div class="mepr-wrapper">
<p>To continue reading the full article and get full access to the InsuranceAsia News platform, please enquire about a subscription.</p>
<p>Your company may already have a corporate license in place.</p>
<div class="mepr-button-wrap">
<p><a href="https://insuranceasianews.com/subscribe/">Enquire Now</a></p>
<div>OR</div>
<p>      <a href="https://insuranceasianews.com/register/free-trial/" class="mepr_product_link mepr-product-link-63661">Take a Free Trial</a>
        </p>
</div>
<p>Already a Subscriber? Please <a href="https://insuranceasianews.com/login/">Login</a></p>
</div>
  </div>
  <div class="mepr-login-form-wrap">
      </div>
</div>
<p>The post <a href="https://insuranceasianews.com/hdi-global-adds-rebekah-khew-lilian-lau-to-north-asia-underwriting-team/">HDI Global adds Rebekah Khew, LiLian Lau to North Asia underwriting team</a> appeared first on <a href="https://insuranceasianews.com">InsuranceAsia News</a>.</p>
]]></content:encoded>
					
		
		
			</item>
		<item>
		<title>Former CCB manager sentenced to four years in jail for US$470,000 Vesttoo bribery</title>
		<link>https://insuranceasianews.com/former-ccb-manager-sentenced-to-four-years-in-jail-for-us470000-vesttoo-bribery/</link>
		
		<dc:creator><![CDATA[Mithun Varkey]]></dc:creator>
		<pubDate>Fri, 18 Sep 2026 09:02:46 +0000</pubDate>
				<guid isPermaLink="false">https://insuranceasianews.com/?p=229110</guid>

					<description><![CDATA[<p>Lam Chun-yin authenticated multiple forged CCB standby letters of credit and two fake collateral letters on behalf of Hong Kong investor Yu Po, together totalling over US$1.6bn.</p>
<p>The post <a href="https://insuranceasianews.com/former-ccb-manager-sentenced-to-four-years-in-jail-for-us470000-vesttoo-bribery/">Former CCB manager sentenced to four years in jail for US$470,000 Vesttoo bribery</a> appeared first on <a href="https://insuranceasianews.com">InsuranceAsia News</a>.</p>
]]></description>
										<content:encoded><![CDATA[<div class="mp_wrapper">
  <div class="mepr-unauthorized-excerpt">
    <p>A former China Construction Bank (Asia) (CCB) relationship manager has been sentenced to four years in prison after admitting he took bribes from a Vesttoo employee to authenticate forged letters of c...</p>
  </div>
  <div class="mepr-unauthorized-message">
    <div class="mepr-wrapper">
<p>To continue reading the full article and get full access to the InsuranceAsia News platform, please enquire about a subscription.</p>
<p>Your company may already have a corporate license in place.</p>
<div class="mepr-button-wrap">
<p><a href="https://insuranceasianews.com/subscribe/">Enquire Now</a></p>
<div>OR</div>
<p>      <a href="https://insuranceasianews.com/register/free-trial/" class="mepr_product_link mepr-product-link-63661">Take a Free Trial</a>
        </p>
</div>
<p>Already a Subscriber? Please <a href="https://insuranceasianews.com/login/">Login</a></p>
</div>
  </div>
  <div class="mepr-login-form-wrap">
      </div>
</div>
<p>The post <a href="https://insuranceasianews.com/former-ccb-manager-sentenced-to-four-years-in-jail-for-us470000-vesttoo-bribery/">Former CCB manager sentenced to four years in jail for US$470,000 Vesttoo bribery</a> appeared first on <a href="https://insuranceasianews.com">InsuranceAsia News</a>.</p>
]]></content:encoded>
					
		
		
			</item>
		<item>
		<title>Hong Kong pushes captive insurance, ILS reforms as policy address seeks to strengthen international hub status</title>
		<link>https://insuranceasianews.com/hong-kong-pushes-captive-insurance-ils-reforms-as-policy-address-seeks-to-strengthen-international-hub-status/</link>
		
		<dc:creator><![CDATA[Joana Nguyen]]></dc:creator>
		<pubDate>Wed, 16 Sep 2026 09:58:50 +0000</pubDate>
				<guid isPermaLink="false">https://insuranceasianews.com/?p=228922</guid>

					<description><![CDATA[<p>In his annual policy address and first five-year plan on Wednesday, chief executive John Lee Ka-chiu introduces several initiatives, including legislative amendments to introduce a protected cell company (PCC) structure.</p>
<p>The post <a href="https://insuranceasianews.com/hong-kong-pushes-captive-insurance-ils-reforms-as-policy-address-seeks-to-strengthen-international-hub-status/">Hong Kong pushes captive insurance, ILS reforms as policy address seeks to strengthen international hub status</a> appeared first on <a href="https://insuranceasianews.com">InsuranceAsia News</a>.</p>
]]></description>
										<content:encoded><![CDATA[<div class="mp_wrapper">
  <div class="mepr-unauthorized-excerpt">
    <p>Hong Kong has introduced several initiatives related to insurance, such as promoting insurance-linked securities (ILS), developing solutions for commodities, and expanding marine insurance offerings, ...</p>
  </div>
  <div class="mepr-unauthorized-message">
    <div class="mepr-wrapper">
<p>To continue reading the full article and get full access to the InsuranceAsia News platform, please enquire about a subscription.</p>
<p>Your company may already have a corporate license in place.</p>
<div class="mepr-button-wrap">
<p><a href="https://insuranceasianews.com/subscribe/">Enquire Now</a></p>
<div>OR</div>
<p>      <a href="https://insuranceasianews.com/register/free-trial/" class="mepr_product_link mepr-product-link-63661">Take a Free Trial</a>
        </p>
</div>
<p>Already a Subscriber? Please <a href="https://insuranceasianews.com/login/">Login</a></p>
</div>
  </div>
  <div class="mepr-login-form-wrap">
      </div>
</div>
<p>The post <a href="https://insuranceasianews.com/hong-kong-pushes-captive-insurance-ils-reforms-as-policy-address-seeks-to-strengthen-international-hub-status/">Hong Kong pushes captive insurance, ILS reforms as policy address seeks to strengthen international hub status</a> appeared first on <a href="https://insuranceasianews.com">InsuranceAsia News</a>.</p>
]]></content:encoded>
					
		
		
			</item>
		<item>
		<title>Starr taps Patto To as regional A&#038;H claims manager</title>
		<link>https://insuranceasianews.com/starr-taps-patto-to-as-regional-ah-claims-manager/</link>
		
		<dc:creator><![CDATA[Joana Nguyen]]></dc:creator>
		<pubDate>Tue, 15 Sep 2026 03:39:54 +0000</pubDate>
				<guid isPermaLink="false">https://insuranceasianews.com/?p=228822</guid>

					<description><![CDATA[<p>Hong Kong-based To will focus on strengthening claims service across Hong Kong and Singapore. </p>
<p>The post <a href="https://insuranceasianews.com/starr-taps-patto-to-as-regional-ah-claims-manager/">Starr taps Patto To as regional A&#038;H claims manager</a> appeared first on <a href="https://insuranceasianews.com">InsuranceAsia News</a>.</p>
]]></description>
										<content:encoded><![CDATA[<div class="mp_wrapper">
  <div class="mepr-unauthorized-excerpt">
    <p>Starr has appointed Patto To as its regional A&amp;H claims manager in Asia, according to a LinkedIn update.
Hong Kong-based To will focus on strengthening Starr's A&amp;H claims service across Hong K...</p>
  </div>
  <div class="mepr-unauthorized-message">
    <div class="mepr-wrapper">
<p>To continue reading the full article and get full access to the InsuranceAsia News platform, please enquire about a subscription.</p>
<p>Your company may already have a corporate license in place.</p>
<div class="mepr-button-wrap">
<p><a href="https://insuranceasianews.com/subscribe/">Enquire Now</a></p>
<div>OR</div>
<p>      <a href="https://insuranceasianews.com/register/free-trial/" class="mepr_product_link mepr-product-link-63661">Take a Free Trial</a>
        </p>
</div>
<p>Already a Subscriber? Please <a href="https://insuranceasianews.com/login/">Login</a></p>
</div>
  </div>
  <div class="mepr-login-form-wrap">
      </div>
</div>
<p>The post <a href="https://insuranceasianews.com/starr-taps-patto-to-as-regional-ah-claims-manager/">Starr taps Patto To as regional A&#038;H claims manager</a> appeared first on <a href="https://insuranceasianews.com">InsuranceAsia News</a>.</p>
]]></content:encoded>
					
		
		
			</item>
	</channel>
</rss>
